data0 = [
    i + 1 for i in range(10) if i > 1
]
data1 = [
    i + 1 for i in range(10)
    if i > 1
]
